// Jest Snapshot v1, https://goo.gl/fbAQLP

exports[`Test on GiftItem Component Must match with the snapshot 1`] = `
<div>
  <div
    class="card"
  >
    <img
      alt="Test item"
      src="https://photos.com/"
    />
    <p>
      Test item
    </p>
  </div>
</div>
`;
